[BOF]
PRODUCT ID      : Sienna_Rev.0v0
LOT ID          : 68ZBC3P
WAFER ID        : 01
FLOW ID         : MERGE
START TIME      : 2025-12-18 15:03:59
STOP TIME       : 2025-12-18 15:40:15
SUBCON          : GMTEST
TESTER NAME     : PTT002
TEST PROGRAM    : SIENNA_REV0V0_PT_GF10NER06_20251218_SORT
LOAD BOARD ID   : 
PROBE CARD ID   : G-F10P-SIENNA-726
SITE NUM        : 
DUT ID          : 
DUT DIFF NUM    : 
OPERATOR ID     : GM1032
TESTED DIE      : 981
PASS DIE        : 753
YIELD           : 76.76%
SOURCE NOTCH    : BOTTOM
MAP ROW         : 27
MAP COLUMN      : 45
MAP BIN LENGTH  : 3
SHIP            :

[SOFT BIN]
        BINNAME, DIENUM,  YIELD, DESCRIPTION
    BIN,      1,    753, 76.76%,{[GOOD]}
    BIN,      2,      0,  0.00%,{[NVM_Trim_cell]}
    BIN,      3,      0,  0.00%,{[NVM_Initial]}
    BIN,      7,      0,  0.00%,{[NVM_BGR]}
    BIN,      8,      0,  0.00%,{[NVM_chipID1]}
    BIN,      9,      0,  0.00%,{[NVM_chipID2]}
    BIN,     10,      0,  0.00%,{[NVM_leakage]}
    BIN,     17,      0,  0.00%,{[NVM_ff_read1]}
    BIN,     18,      0,  0.00%,{[NVM_ff_read2]}
    BIN,     19,     26,  2.65%,{[NVM_os1]}
    BIN,     20,      0,  0.00%,{[NVM_os2]}
    BIN,     21,      0,  0.00%,{[NVM_erase1]}
    BIN,     31,      0,  0.00%,{[NVM_retention1]}
    BIN,     32,     61,  6.22%,{[NVM_code_read]}
    BIN,     33,      0,  0.00%,{[NVM_retention2]}
    BIN,     40,      0,  0.00%,{[NVM_read1]}
    BIN,     41,      0,  0.00%,{[NVM_erase2]}
    BIN,     42,      0,  0.00%,{[NVM_MainIF_Read_FF]}
    BIN,     43,      0,  0.00%,{[NVM_read2]}
    BIN,     47,      0,  0.00%,{[NVM_chip_meas1]}
    BIN,     48,      0,  0.00%,{[NVM_HVS]}
    BIN,     50,      0,  0.00%,{[NVM_chip_meas2]}
    BIN,     51,      0,  0.00%,{[NVM_program1]}
    BIN,     52,      0,  0.00%,{[NVM_read3]}
    BIN,     53,      0,  0.00%,{[NVM_read4]}
    BIN,     54,      0,  0.00%,{[NVM_read5]}
    BIN,     60,      0,  0.00%,{[NVM_CG_Stress_Pos]}
    BIN,     65,      0,  0.00%,{[NVM_MainIF_MrdOn_FF_CG]}
    BIN,     66,      0,  0.00%,{[NVM_IF_MrdOn_FF_Ret]}
    BIN,     70,      0,  0.00%,{[NVM_CG_Stress_Neg]}
    BIN,     71,      0,  0.00%,{[NVM_program2]}
    BIN,     73,      0,  0.00%,{[NVM_MainIF_Read_00]}
    BIN,     74,      0,  0.00%,{[NVM_read6]}
    BIN,     75,      0,  0.00%,{[NVM_MainIF_MrdOff_00_CG]}
    BIN,     81,      0,  0.00%,{[NVM_xydec]}
    BIN,     91,      0,  0.00%,{[NVM_code_write]}
    BIN,     92,      0,  0.00%,{[NVM_Trim_MrdOn_FF]}
    BIN,     93,      0,  0.00%,{[NVM_Trim_Pgm_00]}
    BIN,     94,      0,  0.00%,{[NVM_Trim_Read_00]}
    BIN,     95,      0,  0.00%,{[NVM_Trim_MrdOff_00]}
    BIN,     96,      0,  0.00%,{[NVM_Trim_Ers]}
    BIN,     97,      0,  0.00%,{[NVM_Trim_Read_FF]}
    BIN,     98,      0,  0.00%,{[NVM_Vpp_trim1]}
    BIN,     99,      0,  0.00%,{[NVM_erase_trim]}
    BIN,    100,      0,  0.00%,{[NVM_Vpp_trim2]}
    BIN,    101,      0,  0.00%,{[NVM_Vpph_meas]}
    BIN,    102,      0,  0.00%,{[NVM_Vee_meas]}
    BIN,    103,      0,  0.00%,{[NVM_Vppm_meas]}
    BIN,    104,      0,  0.00%,{[NVM_EVNNH2]}
    BIN,    105,      0,  0.00%,{[NVM_PVPPM2]}
    BIN,    119,      0,  0.00%,{[NVM_IOshort]}
    BIN,    120,      0,  0.00%,{[NVM_fab_deduction]}
    BIN,    121,      0,  0.00%,{[NVM_eds_deduction1]}
    BIN,    124,      0,  0.00%,{[NVM_qa_avi]}
    BIN,    125,      0,  0.00%,{[NVM_avi]}
    BIN,    126,      3,  0.31%,{[NVM_fab_avi]}
    BIN,    127,      0,  0.00%,{[NVM_eds_deduction2]}
    BIN,    128,      0,  0.00%,{[NVM_lpf]}
    BIN,    202,      2,  0.20%,{[PT2_OS]}
    BIN,    203,      0,  0.00%,{[PT2_PS]}
    BIN,    205,      9,  0.92%,{[PT2_IILH]}
    BIN,    206,      0,  0.00%,{[PT2_CheckID]}
    BIN,    207,      0,  0.00%,{[PT2_PT1_PASS_CODE]}
    BIN,    208,      0,  0.00%,{[PT2_NVM_READ_FF]}
    BIN,    209,     77,  7.85%,{[PT2_SCAN_MAX]}
    BIN,    210,      0,  0.00%,{[PT2_INF_ERS_TYP]}
    BIN,    211,     30,  3.06%,{[PT2_SRAM_BIST]}
    BIN,    212,      0,  0.00%,{[PT2_ANA_TRIM_PRE]}
    BIN,    213,      0,  0.00%,{[PT2_ANA_TRIM_Manual]}
    BIN,    214,      1,  0.10%,{[PT2_ANA_TRIM_POST]}
    BIN,    215,      0,  0.00%,{[PT2_POR]}
    BIN,    216,      0,  0.00%,{[PT2_SPEED_A_ACU_MAX]}
    BIN,    217,      0,  0.00%,{[PT2_SPEED_M_MSP_MAX]}
    BIN,    218,      0,  0.00%,{[PT2_SPEED_CM0_DHRY_MAX]}
    BIN,    219,      0,  0.00%,{[PT2_SPEED_CM0_WHET_MAX]}
    BIN,    220,      0,  0.00%,{[PT2_SPEED_M_MDMA_MAX]}
    BIN,    221,      9,  0.92%,{[PT2_BASELINE_BIST_Mutual_typ]}
    BIN,    222,      0,  0.00%,{[PT2_BASELINE_BIST_Mutual_max]}
    BIN,    223,      0,  0.00%,{[PT2_BASELINE_BIST_Mutual_min]}
    BIN,    224,      1,  0.10%,{[PT2_BASELINE_BIST_Mutual_SW1]}
    BIN,    225,      0,  0.00%,{[PT2_BASELINE_BIST_Mutual_SW2]}
    BIN,    226,      0,  0.00%,{[PT2_BASELINE_BIST_Mutual_SW3]}
    BIN,    227,      0,  0.00%,{[PT2_BASELINE_BIST_Mutual_SW4]}
    BIN,    228,      1,  0.10%,{[PT2_BASELINE_BIST_Mutual_SW5]}
    BIN,    229,      0,  0.00%,{[PT2_BASELINE_BIST_Mutual_SW6]}
    BIN,    230,      1,  0.10%,{[PT2_BASELINE_BIST_Mutual_SW7]}
    BIN,    231,      1,  0.10%,{[PT2_BASELINE_BIST_Mutual_SW8]}
    BIN,    232,      0,  0.00%,{[PT2_BASELINE_BIST_Mutual_diff]}
    BIN,    233,      1,  0.10%,{[PT2_BASELINE_BIST_SELF_SINE_TYP]}
    BIN,    234,      1,  0.10%,{[PT2_BASELINE_BIST_SELF_SINE_MIN]}
    BIN,    235,      2,  0.20%,{[PT2_BASELINE_BIST_SELF_SINE_MAX]}
    BIN,    236,      0,  0.00%,{[PT2_BASELINE_BIST_SELF_PULSE_1]}
    BIN,    237,      0,  0.00%,{[PT2_BASELINE_BIST_SELF_PULSE_2]}
    BIN,    238,      2,  0.20%,{[PT2_BASELINE_BIST_SELF_PULSE_3]}
    BIN,    239,      0,  0.00%,{[PT2_BASELINE_BIST_SELF_PULSE_4]}
    BIN,    242,      0,  0.00%,{[PT2_DIE_COOR]}
    BIN,    243,      0,  0.00%,{[PT2_ANA_TRIM_LAST]}
    BIN,    261,      0,  0.00%,{[PT2_ERROR]}

[SOFT BIN MAP]
       0   0   0   0   0   0   0   0   0   0   0   0   0   0   0   0   0   0   0   0   0   0   0   0   0   0   0   0   0   0   0   0   0   0   0   0   0   0   0   0   0   0   0   0   0
       0   0   0   0   0   0   0   0   0   1   1   1   1   1   1   1   1   1   1   2   2   2   2   2   2   2   2   2   2   3   3   3   3   3   3   3   3   3   3   4   4   4   4   4   4
       1   2   3   4   5   6   7   8   9   0   1   2   3   4   5   6   7   8   9   0   1   2   3   4   5   6   7   8   9   0   1   2   3   4   5   6   7   8   9   0   1   2   3   4   5

001                                                                                1   1   1  32   1  19   1                                                                            
002                                                        1   1   1 209   1  19   1   1   1   1   1 209   1   1   1   1   1   1   1                                                    
003                                            1 209   1   1   1 209   1  19   1   1 211   1   1   1   1   1   1   1   1  32   1   1   1   1   1                                        
004                                    1   1 238 209   1   1  32   1   1   1   1   1   1   1 209   1   1  32   1   1   1   1 209   1   1   1   1   1   1                                
005                            1  32   1  32   1   1   1   1   1   1  32   1   1   1   1   1   1   1   1 211   1   1   1   1   1   1   1 211  32   1 211 209   1                        
006                      209   1 209 231 230   1 209   1   1   1  32  19   1   1 233   1   1 221   1  32   1   1 211   1   1  32   1   1   1 211   1   1   1   1  32                    
007              211   1   1  32   1 209 221   1   1   1   1   1   1   1   1   1   1   1   1  32   1   1   1 209   1   1   1   1 209   1 221   1   1   1   1 209  32   1   1            
008            1   1   1 209 211 211   1  19   1   1   1   1 209   1  32   1   1   1   1 211  32   1   1   1   1   1   1   1   1   1 211   1   1   1   1   1   1   1   1  19   1        
009      211   1   1   1   1   1   1   1   1 209   1   1 209   1   1   1   1 126   1   1   1   1   1   1 209   1   1   1   1   1   1   1   1   1   1 205  32   1   1   1   1   1 209    
010        1   1   1   1  32 221   1   1   1   1   1  32   1  32  32   1   1   1   1   1   1   1  19 126   1   1   1 205   1 221   1   1   1   1   1   1  32   1   1   1   1   1 209    
011    1   1  32   1   1   1  19   1   1   1   1   1   1   1   1   1 214 211   1   1 211   1  32   1   1 209  32   1   1   1   1   1   1   1   1   1   1   1   1   1   1   1   1  32   1
012    1   1   1   1   1   1   1   1   1  19   1   1   1   1   1  19  32   1 221 238   1  32   1   1   1   1   1   1   1   1  19   1   1 209   1   1   1   1  32   1   1   1   1 209   1
013    1   1   1   1   1   1 224   1   1   1   1   1   1   1   1 209   1   1   1   1  19 209   1   1   1   1  32   1   1   1 205   1   1   1   1   1 211   1   1   1   1   1   1   1   1
014   32 221   1 205   1   1   1  32   1   1   1   1   1   1 205  32 211   1   1   1   1 209   1   1   1   1   1   1   1  19   1   1   1   1   1   1   1 209   1   1   1   1   1   1  32
015  209   1   1   1   1   1   1   1   1   1   1   1   1 205   1   1 209   1  32   1 211 209   1   1   1 209   1  32   1 209   1  32 209   1   1   1   1   1   1   1 209   1 211   1   1
016    1   1   1   1 211   1   1   1   1 209 209   1   1   1   1   1   1   1 211 211   1   1   1   1   1   1   1   1 209  19   1   1  19  19 209   1 209   1 209   1   1   1   1 209   1
017    1  32   1   1   1   1   1   1   1  32   1   1   1  19   1 211   1   1   1   1   1   1   1   1 209 209   1   1   1   1   1   1   1   1 209   1   1   1   1   1  32   1   1 211   1
018    1   1   1   1   1   1  19 209   1  19   1   1   1   1 202   1   1   1   1   1   1   1   1 211   1   1   1   1   1  19   1   1   1   1   1   1   1   1   1 209   1   1   1   1   1
019      209   1   1   1  32 235   1   1  32   1   1   1   1   1  32   1 209   1   1   1   1   1   1   1   1   1   1   1   1   1  32   1   1   1   1   1   1 209   1   1   1   1   1    
020      209   1   1   1   1 209  32   1   1   1   1   1   1   1   1   1   1   1  32   1   1   1   1   1  32   1   1   1   1   1   1   1   1 209   1 228   1   1 211  32   1   1   1    
021            1 221 209   1   1   1   1   1   1   1   1   1  32 209   1   1   1   1   1  32   1 209   1   1   1 211   1 209   1   1   1   1   1   1   1   1   1   1   1  32   1        
022                1   1   1   1   1   1 209   1   1   1 202   1   1   1   1   1   1 209   1   1   1 126   1   1   1   1   1   1   1   1   1 209  19   1 209   1  32 209   1            
023                        1   1   1   1 209   1   1   1   1  32  19 235   1   1   1   1   1   1   1   1   1   1   1  32   1   1   1   1   1   1   1   1   1 209  19                    
024                            1   1   1   1  32 209   1 205   1   1  19 211   1   1   1   1   1   1   1   1   1   1   1   1   1 205   1   1   1   1   1  32 209                        
025                                    1   1   1 209 209   1   1 234   1   1   1   1   1   1   1 209   1   1 209   1   1   1 211   1   1   1   1  32   1                                
026                                            1   1   1   1   1   1   1 209   1 209  19  19   1   1   1   1 209  32   1   1   1   1   1   1   1                                        
027                                                      209   1   1 211 209 211   1   1   1 221   1 205   1  32 209   1   1   1  32                                                    

[EXTENSION]

[EOF]
